[img.zing.vn/products/codm/fb-share-1.png]
[backblue.gif]
[fade.gif]
[index.html]
[img.zing.vn/products/codm/fb-share-sn-2.png]
[img.zing.vn/products/codm/landing/battle-pass-1/pc/css-full/jquery.fancybox.min.css]
[img.zing.vn/products/codm/landing/battle-pass-1/pc/css-full/landing.css]
[img.zing.vn/products/codm/landing/battle-pass-1/pc/images/bg-frame-2.jpg]
[img.zing.vn/products/codm/landing/battle-pass-1/pc/images/battle/battle-1.jpg]
[img.zing.vn/products/codm/landing/battle-pass-1/pc/images/battle/battle-2.jpg]
[img.zing.vn/products/codm/landing/battle-pass-1/pc/images/battle/battle-3.jpg]
[img.zing.vn/products/codm/landing/battle-pass-1/pc/images/battle/img-huongdan.jpg]
[img.zing.vn/products/codm/landing/battle-pass-1/pc/images/logo-footer.png]
[img.zing.vn/products/codm/landing/battle-pass-1/pc/js/script-battle-pass-1-v1a411.js]
[codm.360mobi.vn/battlepass1.html]
[img.zing.vn/products/codm/landing/battle-pass-1/pc/css-full/jquery.fancybox.min.css]
[img.zing.vn/products/codm/landing/battle-pass-1/pc/images/layout-s77a5824ed4.png]
[img.zing.vn/products/codm/landing/battle-pass-1/pc/images/logo.png]
[img.zing.vn/products/codm/landing/battle-pass-1/pc/images/bg-header.jpg]
[img.zing.vn/products/codm/landing/battle-pass-1/pc/images/border-content-1.png]
[img.zing.vn/products/codm/landing/battle-pass-1/pc/images/bg-frame-3.jpg]
[img.zing.vn/products/codm/landing/battle-pass-1/pc/images/battle/battle-icon-1.png]
[img.zing.vn/products/codm/landing/battle-pass-1/pc/images/battle/battle-icon-2.png]
[img.zing.vn/products/codm/landing/battle-pass-1/pc/images/battle/battle-icon-3.png]
[img.zing.vn/products/codm/landing/battle-pass-1/pc/images/battle/battle-intro.png]
[img.zing.vn/products/codm/landing/battle-pass-1/pc/images/battle/battle-price.png]
[img.zing.vn/products/codm/landing/battle-pass-1/pc/images/addition/addition-1.jpg]
[img.zing.vn/products/codm/landing/battle-pass-1/pc/images/addition/addition-2.jpg]
[img.zing.vn/products/codm/landing/battle-pass-1/pc/images/addition/addition-3.jpg]
[img.zing.vn/products/codm/landing/battle-pass-1/pc/images/addition/addition-4.jpg]
[img.zing.vn/products/codm/landing/battle-pass-1/pc/images/addition/icon-h2.png]
[img.zing.vn/products/codm/landing/battle-pass-1/pc/images/bg-cta.jpg]
[img.zing.vn/products/codm/landing/battle-pass-1/pc/images/nav-arrow.png]
[img.zing.vn/products/codm/landing/battle-pass-1/pc/css-full/landing.css]
[www.googletagmanager.com/gtm5445.html]
[codm.360mobi.vn/index.html]
[www.google-analytics.com/analytics.js]
[img.zing.vn/products/codm/landing/battle-pass-1/pc/js/script-battle-pass-1-v1a411.js]
